cd sw-fe-container && npm install

up to date, audited 1049 packages in 2s

204 packages are looking for funding
  run `npm fund` for details

48 vulnerabilities (6 low, 13 moderate, 29 high)

To address issues that do not require attention, run:
  npm audit fix

To address all issues possible (including breaking changes), run:
  npm audit fix --force

Some issues need review, and may require choosing
a different dependency.

Run `npm audit` for details.
cd sw-fe-container && npm test -- --watch=false --browsers=ChromeHeadless

> temp-app@0.0.0 test
> ng test --watch=false --browsers=ChromeHeadless

Node.js version v25.2.1 detected.
Odd numbered Node.js versions will not enter LTS status and should not be used for production. For more information, please see https://nodejs.org/en/about/previous-releases/.
- Generating browser application bundles (phase: setup)...
✔ Browser application bundle generation complete.
26 04 2026 09:06:46.492:INFO [karma-server]: Karma v6.4.4 server started at http://localhost:9876/
26 04 2026 09:06:46.493:INFO [launcher]: Launching browsers ChromeHeadless with concurrency unlimited
26 04 2026 09:06:46.496:INFO [launcher]: Starting browser ChromeHeadless
26 04 2026 09:06:47.845:INFO [Chrome Headless 147.0.0.0 (Mac OS 10.15.7)]: Connected on socket jbe4POHlfpnXX6EjAAAB with id 76628023
Chrome Headless 147.0.0.0 (Mac OS 10.15.7): Executed 0 of 112 SUCCESS (0 secs / 0 secs)
[1A[2KChrome Headless 147.0.0.0 (Mac OS 10.15.7): Executed 1 of 112 SUCCESS (0 secs / 0.053 secs)
[1A[2KChrome Headless 147.0.0.0 (Mac OS 10.15.7): Executed 2 of 112 SUCCESS (0 secs / 0.058 secs)
[1A[2KChrome Headless 147.0.0.0 (Mac OS 10.15.7): Executed 3 of 112 SUCCESS (0 secs / 0.063 secs)
[1A[2KChrome Headless 147.0.0.0 (Mac OS 10.15.7): Executed 4 of 112 SUCCESS (0 secs / 0.068 secs)
[1A[2KChrome Headless 147.0.0.0 (Mac OS 10.15.7): Executed 5 of 112 SUCCESS (0 secs / 0.084 secs)
[1A[2KWARN: '-------------- RxDB Open Core RxStorage -------------------------------
You are using the free Dexie.js based RxStorage implementation from RxDB https://rxdb.info/rx-storage-dexie.html?console=dexie
While this is a great option, we want to let you know that there are faster storage solutions available in our premium plugins.
For professional users and production environments, we highly recommend considering these premium options to enhance performance and reliability.
 https://rxdb.info/premium/?console=dexie
If you already purchased premium access you can disable this log by calling the setPremiumFlag() function from rxdb-premium/plugins/shared.
---------------------------------------------------------------------'
Chrome Headless 147.0.0.0 (Mac OS 10.15.7): Executed 5 of 112 SUCCESS (0 secs / 0.084 secs)
WARN: '-------------- RxDB Open Core RxStorage -------------------------------
You are using the free Dexie.js based RxStorage implementation from RxDB https://rxdb.info/rx-storage-dexie.html?console=dexie
While this is a great option, we want to let you know that there are faster storage solutions available in our premium plugins.
For professional users and production environments, we highly recommend considering these premium options to enhance performance and reliability.
 https://rxdb.info/premium/?console=dexie
If you already purchased premium access you can disable this log by calling the setPremiumFlag() function from rxdb-premium/plugins/shared.
---------------------------------------------------------------------'
[1A[2KChrome Headless 147.0.0.0 (Mac OS 10.15.7): Executed 6 of 112 SUCCESS (0 secs / 0.085 secs)
[1A[2KChrome Headless 147.0.0.0 (Mac OS 10.15.7): Executed 7 of 112 SUCCESS (0 secs / 0.086 secs)
[1A[2KChrome Headless 147.0.0.0 (Mac OS 10.15.7): Executed 8 of 112 SUCCESS (0 secs / 0.087 secs)
[1A[2KChrome Headless 147.0.0.0 (Mac OS 10.15.7): Executed 9 of 112 SUCCESS (0 secs / 0.088 secs)
[1A[2KChrome Headless 147.0.0.0 (Mac OS 10.15.7): Executed 10 of 112 SUCCESS (0 secs / 0.094 secs)
[1A[2KChrome Headless 147.0.0.0 (Mac OS 10.15.7) SwardMovementsComponent should create FAILED
	NullInjectorError: R3InjectorError(Standalone[SwardMovementsComponent])[ActivatedRoute -> ActivatedRoute -> ActivatedRoute]:
	  NullInjectorError: No provider for ActivatedRoute!
	error properties: Object({ ngTempTokenPath: null, ngTokenPath: [ 'ActivatedRoute', 'ActivatedRoute', 'ActivatedRoute' ] })
	    at NullInjector.get (node_modules/@angular/core/fesm2022/core.mjs:1663:27)
	    at R3Injector.get (node_modules/@angular/core/fesm2022/core.mjs:3109:33)
	    at R3Injector.get (node_modules/@angular/core/fesm2022/core.mjs:3109:33)
	    at R3Injector.get (node_modules/@angular/core/fesm2022/core.mjs:3109:33)
	    at ChainedInjector.get (node_modules/@angular/core/fesm2022/core.mjs:5454:36)
	    at lookupTokenUsingModuleInjector (node_modules/@angular/core/fesm2022/core.mjs:5807:39)
	    at getOrCreateInjectable (node_modules/@angular/core/fesm2022/core.mjs:5855:12)
	    at ɵɵdirectiveInject (node_modules/@angular/core/fesm2022/core.mjs:11933:19)
	    at NodeInjectorFactory.factory (ng:///SwardMovementsComponent/ɵfac.js:4:67)
	    at getNodeInjectable (node_modules/@angular/core/fesm2022/core.mjs:6067:44)
Chrome Headless 147.0.0.0 (Mac OS 10.15.7): Executed 11 of 112 (1 FAILED) (0 secs / 0.107 secs)
[1A[2KChrome Headless 147.0.0.0 (Mac OS 10.15.7): Executed 12 of 112 (1 FAILED) (0 secs / 0.115 secs)
[1A[2KChrome Headless 147.0.0.0 (Mac OS 10.15.7): Executed 13 of 112 (1 FAILED) (0 secs / 0.117 secs)
[1A[2KChrome Headless 147.0.0.0 (Mac OS 10.15.7): Executed 14 of 112 (1 FAILED) (0 secs / 0.222 secs)
[1A[2KChrome Headless 147.0.0.0 (Mac OS 10.15.7): Executed 15 of 112 (1 FAILED) (0 secs / 0.31 secs)
[1A[2KChrome Headless 147.0.0.0 (Mac OS 10.15.7): Executed 16 of 112 (1 FAILED) (0 secs / 0.4 secs)
[1A[2KChrome Headless 147.0.0.0 (Mac OS 10.15.7): Executed 17 of 112 (1 FAILED) (0 secs / 0.489 secs)
[1A[2KChrome Headless 147.0.0.0 (Mac OS 10.15.7): Executed 18 of 112 (1 FAILED) (0 secs / 0.579 secs)
[1A[2KChrome Headless 147.0.0.0 (Mac OS 10.15.7): Executed 19 of 112 (1 FAILED) (0 secs / 0.669 secs)
[1A[2KChrome Headless 147.0.0.0 (Mac OS 10.15.7): Executed 20 of 112 (1 FAILED) (0 secs / 0.761 secs)
[1A[2KChrome Headless 147.0.0.0 (Mac OS 10.15.7): Executed 21 of 112 (1 FAILED) (0 secs / 0.851 secs)
[1A[2KChrome Headless 147.0.0.0 (Mac OS 10.15.7): Executed 22 of 112 (1 FAILED) (0 secs / 0.939 secs)
[1A[2KChrome Headless 147.0.0.0 (Mac OS 10.15.7): Executed 23 of 112 (1 FAILED) (0 secs / 0.941 secs)
[1A[2KChrome Headless 147.0.0.0 (Mac OS 10.15.7): Executed 24 of 112 (1 FAILED) (0 secs / 0.942 secs)
[1A[2KChrome Headless 147.0.0.0 (Mac OS 10.15.7): Executed 25 of 112 (1 FAILED) (0 secs / 0.942 secs)
[1A[2KChrome Headless 147.0.0.0 (Mac OS 10.15.7): Executed 26 of 112 (1 FAILED) (0 secs / 0.942 secs)
[1A[2KChrome Headless 147.0.0.0 (Mac OS 10.15.7): Executed 27 of 112 (1 FAILED) (0 secs / 0.943 secs)
[1A[2KChrome Headless 147.0.0.0 (Mac OS 10.15.7): Executed 28 of 112 (1 FAILED) (0 secs / 0.943 secs)
[1A[2KChrome Headless 147.0.0.0 (Mac OS 10.15.7): Executed 29 of 112 (1 FAILED) (0 secs / 0.948 secs)
[1A[2KChrome Headless 147.0.0.0 (Mac OS 10.15.7): Executed 30 of 112 (1 FAILED) (0 secs / 0.949 secs)
[1A[2KChrome Headless 147.0.0.0 (Mac OS 10.15.7): Executed 31 of 112 (1 FAILED) (0 secs / 0.949 secs)
[1A[2KChrome Headless 147.0.0.0 (Mac OS 10.15.7): Executed 32 of 112 (1 FAILED) (0 secs / 0.949 secs)
[1A[2KChrome Headless 147.0.0.0 (Mac OS 10.15.7): Executed 33 of 112 (1 FAILED) (0 secs / 0.949 secs)
[1A[2KChrome Headless 147.0.0.0 (Mac OS 10.15.7): Executed 34 of 112 (1 FAILED) (0 secs / 0.95 secs)
[1A[2KChrome Headless 147.0.0.0 (Mac OS 10.15.7): Executed 35 of 112 (1 FAILED) (0 secs / 0.953 secs)
[1A[2KChrome Headless 147.0.0.0 (Mac OS 10.15.7): Executed 36 of 112 (1 FAILED) (0 secs / 1.043 secs)
[1A[2KChrome Headless 147.0.0.0 (Mac OS 10.15.7): Executed 37 of 112 (1 FAILED) (0 secs / 1.132 secs)
[1A[2KChrome Headless 147.0.0.0 (Mac OS 10.15.7): Executed 38 of 112 (1 FAILED) (0 secs / 1.223 secs)
[1A[2KChrome Headless 147.0.0.0 (Mac OS 10.15.7): Executed 39 of 112 (1 FAILED) (0 secs / 1.319 secs)
[1A[2KChrome Headless 147.0.0.0 (Mac OS 10.15.7): Executed 40 of 112 (1 FAILED) (0 secs / 1.409 secs)
[1A[2KChrome Headless 147.0.0.0 (Mac OS 10.15.7): Executed 41 of 112 (1 FAILED) (0 secs / 1.499 secs)
[1A[2KWARN: 'Spec 'FarmManagementService deleteEntity should not throw when deleting a non-existent farm' has no expectations.'
Chrome Headless 147.0.0.0 (Mac OS 10.15.7): Executed 41 of 112 (1 FAILED) (0 secs / 1.499 secs)
WARN: 'Spec 'FarmManagementService deleteEntity should not throw when deleting a non-existent farm' has no expectations.'
[1A[2KChrome Headless 147.0.0.0 (Mac OS 10.15.7): Executed 42 of 112 (1 FAILED) (0 secs / 1.589 secs)
[1A[2KChrome Headless 147.0.0.0 (Mac OS 10.15.7): Executed 43 of 112 (1 FAILED) (0 secs / 1.679 secs)
[1A[2KChrome Headless 147.0.0.0 (Mac OS 10.15.7): Executed 44 of 112 (1 FAILED) (0 secs / 1.771 secs)
[1A[2KChrome Headless 147.0.0.0 (Mac OS 10.15.7): Executed 45 of 112 (1 FAILED) (0 secs / 1.781 secs)
[1A[2KChrome Headless 147.0.0.0 (Mac OS 10.15.7): Executed 46 of 112 (1 FAILED) (0 secs / 1.784 secs)
[1A[2KChrome Headless 147.0.0.0 (Mac OS 10.15.7): Executed 47 of 112 (1 FAILED) (0 secs / 1.789 secs)
[1A[2KChrome Headless 147.0.0.0 (Mac OS 10.15.7): Executed 48 of 112 (1 FAILED) (0 secs / 1.792 secs)
[1A[2KChrome Headless 147.0.0.0 (Mac OS 10.15.7): Executed 49 of 112 (1 FAILED) (0 secs / 1.795 secs)
[1A[2KChrome Headless 147.0.0.0 (Mac OS 10.15.7): Executed 50 of 112 (1 FAILED) (0 secs / 1.806 secs)
[1A[2KChrome Headless 147.0.0.0 (Mac OS 10.15.7): Executed 51 of 112 (1 FAILED) (0 secs / 1.809 secs)
[1A[2KChrome Headless 147.0.0.0 (Mac OS 10.15.7): Executed 52 of 112 (1 FAILED) (0 secs / 1.812 secs)
[1A[2KChrome Headless 147.0.0.0 (Mac OS 10.15.7): Executed 53 of 112 (1 FAILED) (0 secs / 1.82 secs)
[1A[2KChrome Headless 147.0.0.0 (Mac OS 10.15.7): Executed 54 of 112 (1 FAILED) (0 secs / 1.825 secs)
[1A[2KChrome Headless 147.0.0.0 (Mac OS 10.15.7): Executed 55 of 112 (1 FAILED) (0 secs / 1.826 secs)
[1A[2KChrome Headless 147.0.0.0 (Mac OS 10.15.7): Executed 56 of 112 (1 FAILED) (0 secs / 1.835 secs)
[1A[2KChrome Headless 147.0.0.0 (Mac OS 10.15.7): Executed 57 of 112 (1 FAILED) (0 secs / 1.837 secs)
[1A[2KChrome Headless 147.0.0.0 (Mac OS 10.15.7): Executed 58 of 112 (1 FAILED) (0 secs / 1.837 secs)
[1A[2KChrome Headless 147.0.0.0 (Mac OS 10.15.7): Executed 59 of 112 (1 FAILED) (0 secs / 1.838 secs)
[1A[2KChrome Headless 147.0.0.0 (Mac OS 10.15.7): Executed 60 of 112 (1 FAILED) (0 secs / 1.838 secs)
[1A[2KChrome Headless 147.0.0.0 (Mac OS 10.15.7): Executed 61 of 112 (1 FAILED) (0 secs / 1.838 secs)
[1A[2KChrome Headless 147.0.0.0 (Mac OS 10.15.7): Executed 62 of 112 (1 FAILED) (0 secs / 1.838 secs)
[1A[2KChrome Headless 147.0.0.0 (Mac OS 10.15.7): Executed 63 of 112 (1 FAILED) (0 secs / 1.839 secs)
[1A[2KChrome Headless 147.0.0.0 (Mac OS 10.15.7): Executed 64 of 112 (1 FAILED) (0 secs / 1.839 secs)
[1A[2KChrome Headless 147.0.0.0 (Mac OS 10.15.7): Executed 65 of 112 (1 FAILED) (0 secs / 1.843 secs)
[1A[2KChrome Headless 147.0.0.0 (Mac OS 10.15.7): Executed 66 of 112 (1 FAILED) (0 secs / 1.844 secs)
[1A[2KChrome Headless 147.0.0.0 (Mac OS 10.15.7): Executed 67 of 112 (1 FAILED) (0 secs / 1.845 secs)
[1A[2KChrome Headless 147.0.0.0 (Mac OS 10.15.7): Executed 68 of 112 (1 FAILED) (0 secs / 1.845 secs)
[1A[2KChrome Headless 147.0.0.0 (Mac OS 10.15.7): Executed 69 of 112 (1 FAILED) (0 secs / 1.846 secs)
[1A[2KChrome Headless 147.0.0.0 (Mac OS 10.15.7): Executed 70 of 112 (1 FAILED) (0 secs / 1.989 secs)
[1A[2KChrome Headless 147.0.0.0 (Mac OS 10.15.7): Executed 71 of 112 (1 FAILED) (0 secs / 2.141 secs)
[1A[2KChrome Headless 147.0.0.0 (Mac OS 10.15.7): Executed 72 of 112 (1 FAILED) (0 secs / 2.287 secs)
[1A[2KChrome Headless 147.0.0.0 (Mac OS 10.15.7): Executed 73 of 112 (1 FAILED) (0 secs / 2.436 secs)
[1A[2KChrome Headless 147.0.0.0 (Mac OS 10.15.7): Executed 74 of 112 (1 FAILED) (0 secs / 2.582 secs)
[1A[2KChrome Headless 147.0.0.0 (Mac OS 10.15.7): Executed 75 of 112 (1 FAILED) (0 secs / 2.728 secs)
[1A[2KChrome Headless 147.0.0.0 (Mac OS 10.15.7): Executed 76 of 112 (1 FAILED) (0 secs / 2.873 secs)
[1A[2KChrome Headless 147.0.0.0 (Mac OS 10.15.7): Executed 77 of 112 (1 FAILED) (0 secs / 3.077 secs)
[1A[2KChrome Headless 147.0.0.0 (Mac OS 10.15.7): Executed 78 of 112 (1 FAILED) (0 secs / 3.167 secs)
[1A[2KChrome Headless 147.0.0.0 (Mac OS 10.15.7): Executed 79 of 112 (1 FAILED) (0 secs / 3.315 secs)
[1A[2KChrome Headless 147.0.0.0 (Mac OS 10.15.7): Executed 80 of 112 (1 FAILED) (0 secs / 3.464 secs)
[1A[2KChrome Headless 147.0.0.0 (Mac OS 10.15.7): Executed 81 of 112 (1 FAILED) (0 secs / 3.613 secs)
[1A[2KChrome Headless 147.0.0.0 (Mac OS 10.15.7): Executed 82 of 112 (1 FAILED) (0 secs / 3.764 secs)
[1A[2KChrome Headless 147.0.0.0 (Mac OS 10.15.7): Executed 83 of 112 (1 FAILED) (0 secs / 3.913 secs)
[1A[2KChrome Headless 147.0.0.0 (Mac OS 10.15.7): Executed 84 of 112 (1 FAILED) (0 secs / 4.006 secs)
[1A[2KChrome Headless 147.0.0.0 (Mac OS 10.15.7): Executed 85 of 112 (1 FAILED) (0 secs / 4.01 secs)
[1A[2KChrome Headless 147.0.0.0 (Mac OS 10.15.7): Executed 86 of 112 (1 FAILED) (0 secs / 4.015 secs)
[1A[2KChrome Headless 147.0.0.0 (Mac OS 10.15.7): Executed 87 of 112 (1 FAILED) (0 secs / 4.018 secs)
[1A[2KChrome Headless 147.0.0.0 (Mac OS 10.15.7): Executed 88 of 112 (1 FAILED) (0 secs / 4.02 secs)
[1A[2KChrome Headless 147.0.0.0 (Mac OS 10.15.7): Executed 89 of 112 (1 FAILED) (0 secs / 4.034 secs)
[1A[2KChrome Headless 147.0.0.0 (Mac OS 10.15.7): Executed 90 of 112 (1 FAILED) (0 secs / 4.036 secs)
[1A[2KChrome Headless 147.0.0.0 (Mac OS 10.15.7): Executed 91 of 112 (1 FAILED) (0 secs / 4.038 secs)
[1A[2KChrome Headless 147.0.0.0 (Mac OS 10.15.7): Executed 92 of 112 (1 FAILED) (0 secs / 4.04 secs)
[1A[2KChrome Headless 147.0.0.0 (Mac OS 10.15.7): Executed 93 of 112 (1 FAILED) (0 secs / 4.042 secs)
[1A[2KChrome Headless 147.0.0.0 (Mac OS 10.15.7): Executed 94 of 112 (1 FAILED) (0 secs / 4.044 secs)
[1A[2KChrome Headless 147.0.0.0 (Mac OS 10.15.7): Executed 95 of 112 (1 FAILED) (0 secs / 4.046 secs)
[1A[2KChrome Headless 147.0.0.0 (Mac OS 10.15.7): Executed 96 of 112 (1 FAILED) (0 secs / 4.048 secs)
[1A[2KChrome Headless 147.0.0.0 (Mac OS 10.15.7): Executed 97 of 112 (1 FAILED) (0 secs / 4.05 secs)
[1A[2KChrome Headless 147.0.0.0 (Mac OS 10.15.7): Executed 98 of 112 (1 FAILED) (0 secs / 4.051 secs)
[1A[2KChrome Headless 147.0.0.0 (Mac OS 10.15.7): Executed 99 of 112 (1 FAILED) (0 secs / 4.052 secs)
[1A[2KChrome Headless 147.0.0.0 (Mac OS 10.15.7): Executed 100 of 112 (1 FAILED) (0 secs / 4.053 secs)
[1A[2KChrome Headless 147.0.0.0 (Mac OS 10.15.7): Executed 101 of 112 (1 FAILED) (0 secs / 4.054 secs)
[1A[2KChrome Headless 147.0.0.0 (Mac OS 10.15.7): Executed 102 of 112 (1 FAILED) (0 secs / 4.056 secs)
[1A[2KChrome Headless 147.0.0.0 (Mac OS 10.15.7): Executed 103 of 112 (1 FAILED) (0 secs / 4.057 secs)
[1A[2KChrome Headless 147.0.0.0 (Mac OS 10.15.7): Executed 104 of 112 (1 FAILED) (0 secs / 4.059 secs)
[1A[2KChrome Headless 147.0.0.0 (Mac OS 10.15.7): Executed 105 of 112 (1 FAILED) (0 secs / 4.06 secs)
[1A[2KChrome Headless 147.0.0.0 (Mac OS 10.15.7): Executed 106 of 112 (1 FAILED) (0 secs / 4.063 secs)
[1A[2KChrome Headless 147.0.0.0 (Mac OS 10.15.7): Executed 107 of 112 (1 FAILED) (0 secs / 4.065 secs)
[1A[2KChrome Headless 147.0.0.0 (Mac OS 10.15.7): Executed 108 of 112 (1 FAILED) (0 secs / 4.066 secs)
[1A[2KChrome Headless 147.0.0.0 (Mac OS 10.15.7): Executed 109 of 112 (1 FAILED) (0 secs / 4.073 secs)
[1A[2KChrome Headless 147.0.0.0 (Mac OS 10.15.7): Executed 110 of 112 (1 FAILED) (0 secs / 4.081 secs)
[1A[2KChrome Headless 147.0.0.0 (Mac OS 10.15.7): Executed 111 of 112 (1 FAILED) (0 secs / 4.084 secs)
[1A[2KChrome Headless 147.0.0.0 (Mac OS 10.15.7): Executed 112 of 112 (1 FAILED) (0 secs / 4.103 secs)
[1A[2KChrome Headless 147.0.0.0 (Mac OS 10.15.7): Executed 112 of 112 (1 FAILED) (4.205 secs / 4.103 secs)
TOTAL: 1 FAILED, 111 SUCCESS
✔ Browser application bundle generation complete.
✔ Browser application bundle generation complete.
make: *** [sw-fe-test] Error 1
